[debug] [2026-05-27T09:18:25.507Z] ----------------------------------------------------------------------
[debug] [2026-05-27T09:18:25.509Z] Command:       /home/asrofil/.nvm/versions/node/v22.17.1/bin/node /home/asrofil/.nvm/versions/node/v22.17.1/bin/firebase emulators:start --only functions
[debug] [2026-05-27T09:18:25.510Z] CLI Version:   15.18.0
[debug] [2026-05-27T09:18:25.510Z] Platform:      linux
[debug] [2026-05-27T09:18:25.510Z] Node Version:  v22.17.1
[debug] [2026-05-27T09:18:25.510Z] Time:          Wed May 27 2026 16:18:25 GMT+0700 (Western Indonesia Time)
[debug] [2026-05-27T09:18:25.510Z] ----------------------------------------------------------------------
[debug] 
[debug] [2026-05-27T09:18:26.494Z] > command requires scopes: ["email","openid","https://www.googleapis.com/auth/cloudplatformprojects.readonly","https://www.googleapis.com/auth/firebase","https://www.googleapis.com/auth/cloud-platform"]
[debug] [2026-05-27T09:18:26.495Z] > authorizing via signed-in user (asrofilnadibs28@gmail.com)
[info] i  emulators: Starting emulators: functions {"metadata":{"emulator":{"name":"hub"},"message":"Starting emulators: functions"}}
[debug] [2026-05-27T09:18:26.500Z] [logging] Logging Emulator only supports listening on one address (127.0.0.1). Not listening on ::1
[debug] [2026-05-27T09:18:26.501Z] assigned listening specs for emulators {"user":{"hub":[{"address":"127.0.0.1","family":"IPv4","port":4400},{"address":"::1","family":"IPv6","port":4400}],"ui":[{"address":"127.0.0.1","family":"IPv4","port":4000},{"address":"::1","family":"IPv6","port":4000}],"logging":[{"address":"127.0.0.1","family":"IPv4","port":4500}]},"metadata":{"message":"assigned listening specs for emulators"}}
[debug] [2026-05-27T09:18:26.507Z] Write emulator hub locator at /tmp/hub-mealstogo-d77b1.json
[debug] [2026-05-27T09:18:26.515Z] [functions] Functions Emulator only supports listening on one address (127.0.0.1). Not listening on ::1
[debug] [2026-05-27T09:18:26.515Z] [eventarc] Eventarc Emulator only supports listening on one address (127.0.0.1). Not listening on ::1
[debug] [2026-05-27T09:18:26.515Z] [tasks] Cloud Tasks Emulator only supports listening on one address (127.0.0.1). Not listening on ::1
[debug] [2026-05-27T09:18:26.516Z] late-assigned ports for functions and eventarc emulators {"user":{"hub":[{"address":"127.0.0.1","family":"IPv4","port":4400},{"address":"::1","family":"IPv6","port":4400}],"ui":[{"address":"127.0.0.1","family":"IPv4","port":4000},{"address":"::1","family":"IPv6","port":4000}],"logging":[{"address":"127.0.0.1","family":"IPv4","port":4500}],"functions":[{"address":"127.0.0.1","family":"IPv4","port":5001}],"eventarc":[{"address":"127.0.0.1","family":"IPv4","port":9299}],"tasks":[{"address":"127.0.0.1","family":"IPv4","port":9499}]},"metadata":{"message":"late-assigned ports for functions and eventarc emulators"}}
[warn] ⚠  functions: The following emulators are not running, calls to these services from the Functions emulator will affect production: apphosting, auth, firestore, database, hosting, pubsub, storage, dataconnect {"metadata":{"emulator":{"name":"functions"},"message":"The following emulators are not running, calls to these services from the Functions emulator will affect production: apphosting, auth, firestore, database, hosting, pubsub, storage, dataconnect"}}
[debug] [2026-05-27T09:18:26.562Z] defaultcredentials: writing to file /home/asrofil/.config/firebase/asrofilnadibs28_gmail_com_application_default_credentials.json
[debug] [2026-05-27T09:18:26.564Z] Setting GAC to /home/asrofil/.config/firebase/asrofilnadibs28_gmail_com_application_default_credentials.json {"metadata":{"emulator":{"name":"functions"},"message":"Setting GAC to /home/asrofil/.config/firebase/asrofilnadibs28_gmail_com_application_default_credentials.json"}}
[debug] [2026-05-27T09:18:26.566Z] Checked if tokens are valid: true, expires at: 1779876603609
[debug] [2026-05-27T09:18:26.566Z] Checked if tokens are valid: true, expires at: 1779876603609
[debug] [2026-05-27T09:18:26.567Z] >>> [apiv2][query] GET https://firebase.googleapis.com/v1beta1/projects/mealstogo-d77b1/adminSdkConfig [none]
[debug] [2026-05-27T09:18:27.055Z] <<< [apiv2][status] GET https://firebase.googleapis.com/v1beta1/projects/mealstogo-d77b1/adminSdkConfig 200
[debug] [2026-05-27T09:18:27.055Z] <<< [apiv2][body] GET https://firebase.googleapis.com/v1beta1/projects/mealstogo-d77b1/adminSdkConfig {"projectId":"mealstogo-d77b1","storageBucket":"mealstogo-d77b1.firebasestorage.app"}
[info] i  ui: downloading ui-v1.15.0.zip... {"metadata":{"emulator":{"name":"ui"},"message":"downloading ui-v1.15.0.zip..."}}
[debug] [2026-05-27T09:18:27.076Z] >>> [apiv2][query] GET https://storage.googleapis.com/firebase-preview-drop/emulator/ui-v1.15.0.zip 
[debug] [2026-05-27T09:18:27.251Z] <<< [apiv2][status] GET https://storage.googleapis.com/firebase-preview-drop/emulator/ui-v1.15.0.zip 200
[debug] [2026-05-27T09:18:27.251Z] <<< [apiv2][body] GET https://storage.googleapis.com/firebase-preview-drop/emulator/ui-v1.15.0.zip [stream]
[debug] [2026-05-27T09:18:30.545Z] Data is 3538469
[debug] [2026-05-27T09:18:30.545Z] [unzip] Entry: client/ (compressed_size=0 bytes, uncompressed_size=0 bytes)
[debug] [2026-05-27T09:18:30.546Z] [unzip] Processing entry: client/
[debug] [2026-05-27T09:18:30.546Z] [unzip] mkdir: /home/asrofil/.cache/firebase/emulators/ui-v1.15.0/client/
[debug] [2026-05-27T09:18:30.546Z] [unzip] Entry: client/favicon-16x16.png (compressed_size=293 bytes, uncompressed_size=293 bytes)
[debug] [2026-05-27T09:18:30.547Z] [unzip] Processing entry: client/favicon-16x16.png
[debug] [2026-05-27T09:18:30.547Z] [unzip] else mkdir: /home/asrofil/.cache/firebase/emulators/ui-v1.15.0/client
[debug] [2026-05-27T09:18:30.547Z] [unzip] Writing file: /home/asrofil/.cache/firebase/emulators/ui-v1.15.0/client/favicon-16x16.png
[debug] [2026-05-27T09:18:30.548Z] [unzip] Entry: client/safari-pinned-tab.svg (compressed_size=1433 bytes, uncompressed_size=2611 bytes)
[debug] [2026-05-27T09:18:30.548Z] [unzip] Processing entry: client/safari-pinned-tab.svg
[debug] [2026-05-27T09:18:30.548Z] [unzip] else mkdir: /home/asrofil/.cache/firebase/emulators/ui-v1.15.0/client
[debug] [2026-05-27T09:18:30.548Z] [unzip] deflating: /home/asrofil/.cache/firebase/emulators/ui-v1.15.0/client/safari-pinned-tab.svg
[debug] [2026-05-27T09:18:30.553Z] [unzip] Entry: client/favicon.ico (compressed_size=2933 bytes, uncompressed_size=13294 bytes)
[debug] [2026-05-27T09:18:30.553Z] [unzip] Processing entry: client/favicon.ico
[debug] [2026-05-27T09:18:30.553Z] [unzip] else mkdir: /home/asrofil/.cache/firebase/emulators/ui-v1.15.0/client
[debug] [2026-05-27T09:18:30.553Z] [unzip] deflating: /home/asrofil/.cache/firebase/emulators/ui-v1.15.0/client/favicon.ico
[debug] [2026-05-27T09:18:30.555Z] [unzip] Entry: client/index.html (compressed_size=1364 bytes, uncompressed_size=3071 bytes)
[debug] [2026-05-27T09:18:30.555Z] [unzip] Processing entry: client/index.html
[debug] [2026-05-27T09:18:30.555Z] [unzip] else mkdir: /home/asrofil/.cache/firebase/emulators/ui-v1.15.0/client
[debug] [2026-05-27T09:18:30.555Z] [unzip] deflating: /home/asrofil/.cache/firebase/emulators/ui-v1.15.0/client/index.html
[debug] [2026-05-27T09:18:30.556Z] [unzip] Entry: client/android-chrome-192x192.png (compressed_size=2684 bytes, uncompressed_size=2684 bytes)
[debug] [2026-05-27T09:18:30.556Z] [unzip] Processing entry: client/android-chrome-192x192.png
[debug] [2026-05-27T09:18:30.556Z] [unzip] else mkdir: /home/asrofil/.cache/firebase/emulators/ui-v1.15.0/client
[debug] [2026-05-27T09:18:30.556Z] [unzip] Writing file: /home/asrofil/.cache/firebase/emulators/ui-v1.15.0/client/android-chrome-192x192.png
[debug] [2026-05-27T09:18:30.556Z] [unzip] Entry: client/apple-touch-icon.png (compressed_size=2123 bytes, uncompressed_size=2152 bytes)
[debug] [2026-05-27T09:18:30.556Z] [unzip] Processing entry: client/apple-touch-icon.png
[debug] [2026-05-27T09:18:30.557Z] [unzip] else mkdir: /home/asrofil/.cache/firebase/emulators/ui-v1.15.0/client
[debug] [2026-05-27T09:18:30.557Z] [unzip] deflating: /home/asrofil/.cache/firebase/emulators/ui-v1.15.0/client/apple-touch-icon.png
[debug] [2026-05-27T09:18:30.558Z] [unzip] Entry: client/android-chrome-512x512.png (compressed_size=5369 bytes, uncompressed_size=5411 bytes)
[debug] [2026-05-27T09:18:30.558Z] [unzip] Processing entry: client/android-chrome-512x512.png
[debug] [2026-05-27T09:18:30.558Z] [unzip] else mkdir: /home/asrofil/.cache/firebase/emulators/ui-v1.15.0/client
[debug] [2026-05-27T09:18:30.558Z] [unzip] deflating: /home/asrofil/.cache/firebase/emulators/ui-v1.15.0/client/android-chrome-512x512.png
[debug] [2026-05-27T09:18:30.559Z] [unzip] Entry: client/manifest.json (compressed_size=245 bytes, uncompressed_size=551 bytes)
[debug] [2026-05-27T09:18:30.559Z] [unzip] Processing entry: client/manifest.json
[debug] [2026-05-27T09:18:30.559Z] [unzip] else mkdir: /home/asrofil/.cache/firebase/emulators/ui-v1.15.0/client
[debug] [2026-05-27T09:18:30.559Z] [unzip] deflating: /home/asrofil/.cache/firebase/emulators/ui-v1.15.0/client/manifest.json
[debug] [2026-05-27T09:18:30.561Z] [unzip] Entry: client/robots.txt (compressed_size=26 bytes, uncompressed_size=26 bytes)
[debug] [2026-05-27T09:18:30.561Z] [unzip] Processing entry: client/robots.txt
[debug] [2026-05-27T09:18:30.561Z] [unzip] else mkdir: /home/asrofil/.cache/firebase/emulators/ui-v1.15.0/client
[debug] [2026-05-27T09:18:30.561Z] [unzip] Writing file: /home/asrofil/.cache/firebase/emulators/ui-v1.15.0/client/robots.txt
[debug] [2026-05-27T09:18:30.562Z] [unzip] Entry: client/mstile-150x150.png (compressed_size=2034 bytes, uncompressed_size=2034 bytes)
[debug] [2026-05-27T09:18:30.562Z] [unzip] Processing entry: client/mstile-150x150.png
[debug] [2026-05-27T09:18:30.562Z] [unzip] else mkdir: /home/asrofil/.cache/firebase/emulators/ui-v1.15.0/client
[debug] [2026-05-27T09:18:30.562Z] [unzip] Writing file: /home/asrofil/.cache/firebase/emulators/ui-v1.15.0/client/mstile-150x150.png
[debug] [2026-05-27T09:18:30.562Z] [unzip] Entry: client/assets/ (compressed_size=0 bytes, uncompressed_size=0 bytes)
[debug] [2026-05-27T09:18:30.562Z] [unzip] Processing entry: client/assets/
[debug] [2026-05-27T09:18:30.563Z] [unzip] mkdir: /home/asrofil/.cache/firebase/emulators/ui-v1.15.0/client/assets/
[debug] [2026-05-27T09:18:30.563Z] [unzip] Entry: client/assets/index-BX-A56oj.js (compressed_size=582089 bytes, uncompressed_size=2092775 bytes)
[debug] [2026-05-27T09:18:30.563Z] [unzip] Processing entry: client/assets/index-BX-A56oj.js
[debug] [2026-05-27T09:18:30.563Z] [unzip] else mkdir: /home/asrofil/.cache/firebase/emulators/ui-v1.15.0/client/assets
[debug] [2026-05-27T09:18:30.563Z] [unzip] deflating: /home/asrofil/.cache/firebase/emulators/ui-v1.15.0/client/assets/index-BX-A56oj.js
[debug] [2026-05-27T09:18:30.575Z] [unzip] Entry: client/assets/index-CjB9C900.css (compressed_size=35979 bytes, uncompressed_size=298654 bytes)
[debug] [2026-05-27T09:18:30.575Z] [unzip] Processing entry: client/assets/index-CjB9C900.css
[debug] [2026-05-27T09:18:30.575Z] [unzip] else mkdir: /home/asrofil/.cache/firebase/emulators/ui-v1.15.0/client/assets
[debug] [2026-05-27T09:18:30.575Z] [unzip] deflating: /home/asrofil/.cache/firebase/emulators/ui-v1.15.0/client/assets/index-CjB9C900.css
[debug] [2026-05-27T09:18:30.578Z] [unzip] Entry: client/assets/index-BX-A56oj.js.map (compressed_size=2362482 bytes, uncompressed_size=10036679 bytes)
[debug] [2026-05-27T09:18:30.578Z] [unzip] Processing entry: client/assets/index-BX-A56oj.js.map
[debug] [2026-05-27T09:18:30.578Z] [unzip] else mkdir: /home/asrofil/.cache/firebase/emulators/ui-v1.15.0/client/assets
[debug] [2026-05-27T09:18:30.578Z] [unzip] deflating: /home/asrofil/.cache/firebase/emulators/ui-v1.15.0/client/assets/index-BX-A56oj.js.map
[debug] [2026-05-27T09:18:30.629Z] [unzip] Entry: client/assets/extensions/ (compressed_size=0 bytes, uncompressed_size=0 bytes)
[debug] [2026-05-27T09:18:30.629Z] [unzip] Processing entry: client/assets/extensions/
[debug] [2026-05-27T09:18:30.629Z] [unzip] mkdir: /home/asrofil/.cache/firebase/emulators/ui-v1.15.0/client/assets/extensions/
[debug] [2026-05-27T09:18:30.629Z] [unzip] Entry: client/assets/extensions/default-extension.png (compressed_size=1646 bytes, uncompressed_size=1657 bytes)
[debug] [2026-05-27T09:18:30.630Z] [unzip] Processing entry: client/assets/extensions/default-extension.png
[debug] [2026-05-27T09:18:30.630Z] [unzip] else mkdir: /home/asrofil/.cache/firebase/emulators/ui-v1.15.0/client/assets/extensions
[debug] [2026-05-27T09:18:30.630Z] [unzip] deflating: /home/asrofil/.cache/firebase/emulators/ui-v1.15.0/client/assets/extensions/default-extension.png
[debug] [2026-05-27T09:18:30.631Z] [unzip] Entry: client/assets/img/ (compressed_size=0 bytes, uncompressed_size=0 bytes)
[debug] [2026-05-27T09:18:30.631Z] [unzip] Processing entry: client/assets/img/
[debug] [2026-05-27T09:18:30.631Z] [unzip] mkdir: /home/asrofil/.cache/firebase/emulators/ui-v1.15.0/client/assets/img/
[debug] [2026-05-27T09:18:30.631Z] [unzip] Entry: client/assets/img/database.png (compressed_size=29449 bytes, uncompressed_size=29988 bytes)
[debug] [2026-05-27T09:18:30.631Z] [unzip] Processing entry: client/assets/img/database.png
[debug] [2026-05-27T09:18:30.631Z] [unzip] else mkdir: /home/asrofil/.cache/firebase/emulators/ui-v1.15.0/client/assets/img
[debug] [2026-05-27T09:18:30.631Z] [unzip] deflating: /home/asrofil/.cache/firebase/emulators/ui-v1.15.0/client/assets/img/database.png
[debug] [2026-05-27T09:18:30.632Z] [unzip] Entry: client/assets/provider-icons/ (compressed_size=0 bytes, uncompressed_size=0 bytes)
[debug] [2026-05-27T09:18:30.632Z] [unzip] Processing entry: client/assets/provider-icons/
[debug] [2026-05-27T09:18:30.632Z] [unzip] mkdir: /home/asrofil/.cache/firebase/emulators/ui-v1.15.0/client/assets/provider-icons/
[debug] [2026-05-27T09:18:30.632Z] [unzip] Entry: client/assets/provider-icons/auth_service_saml.svg (compressed_size=575 bytes, uncompressed_size=1226 bytes)
[debug] [2026-05-27T09:18:30.632Z] [unzip] Processing entry: client/assets/provider-icons/auth_service_saml.svg
[debug] [2026-05-27T09:18:30.632Z] [unzip] else mkdir: /home/asrofil/.cache/firebase/emulators/ui-v1.15.0/client/assets/provider-icons
[debug] [2026-05-27T09:18:30.632Z] [unzip] deflating: /home/asrofil/.cache/firebase/emulators/ui-v1.15.0/client/assets/provider-icons/auth_service_saml.svg
[debug] [2026-05-27T09:18:30.633Z] [unzip] Entry: client/assets/provider-icons/auth_service_phone.svg (compressed_size=261 bytes, uncompressed_size=414 bytes)
[debug] [2026-05-27T09:18:30.633Z] [unzip] Processing entry: client/assets/provider-icons/auth_service_phone.svg
[debug] [2026-05-27T09:18:30.633Z] [unzip] else mkdir: /home/asrofil/.cache/firebase/emulators/ui-v1.15.0/client/assets/provider-icons
[debug] [2026-05-27T09:18:30.633Z] [unzip] deflating: /home/asrofil/.cache/firebase/emulators/ui-v1.15.0/client/assets/provider-icons/auth_service_phone.svg
[debug] [2026-05-27T09:18:30.634Z] [unzip] Entry: client/assets/provider-icons/auth_service_facebook.svg (compressed_size=289 bytes, uncompressed_size=457 bytes)
[debug] [2026-05-27T09:18:30.634Z] [unzip] Processing entry: client/assets/provider-icons/auth_service_facebook.svg
[debug] [2026-05-27T09:18:30.634Z] [unzip] else mkdir: /home/asrofil/.cache/firebase/emulators/ui-v1.15.0/client/assets/provider-icons
[debug] [2026-05-27T09:18:30.634Z] [unzip] deflating: /home/asrofil/.cache/firebase/emulators/ui-v1.15.0/client/assets/provider-icons/auth_service_facebook.svg
[debug] [2026-05-27T09:18:30.635Z] [unzip] Entry: client/assets/provider-icons/auth_service_game_center.svg (compressed_size=991 bytes, uncompressed_size=3921 bytes)
[debug] [2026-05-27T09:18:30.635Z] [unzip] Processing entry: client/assets/provider-icons/auth_service_game_center.svg
[debug] [2026-05-27T09:18:30.635Z] [unzip] else mkdir: /home/asrofil/.cache/firebase/emulators/ui-v1.15.0/client/assets/provider-icons
[debug] [2026-05-27T09:18:30.635Z] [unzip] deflating: /home/asrofil/.cache/firebase/emulators/ui-v1.15.0/client/assets/provider-icons/auth_service_game_center.svg
[debug] [2026-05-27T09:18:30.636Z] [unzip] Entry: client/assets/provider-icons/auth_service_apple.svg (compressed_size=230 bytes, uncompressed_size=334 bytes)
[debug] [2026-05-27T09:18:30.636Z] [unzip] Processing entry: client/assets/provider-icons/auth_service_apple.svg
[debug] [2026-05-27T09:18:30.636Z] [unzip] else mkdir: /home/asrofil/.cache/firebase/emulators/ui-v1.15.0/client/assets/provider-icons
[debug] [2026-05-27T09:18:30.636Z] [unzip] deflating: /home/asrofil/.cache/firebase/emulators/ui-v1.15.0/client/assets/provider-icons/auth_service_apple.svg
[debug] [2026-05-27T09:18:30.637Z] [unzip] Entry: client/assets/provider-icons/auth_service_github.svg (compressed_size=466 bytes, uncompressed_size=838 bytes)
[debug] [2026-05-27T09:18:30.637Z] [unzip] Processing entry: client/assets/provider-icons/auth_service_github.svg
[debug] [2026-05-27T09:18:30.637Z] [unzip] else mkdir: /home/asrofil/.cache/firebase/emulators/ui-v1.15.0/client/assets/provider-icons
[debug] [2026-05-27T09:18:30.637Z] [unzip] deflating: /home/asrofil/.cache/firebase/emulators/ui-v1.15.0/client/assets/provider-icons/auth_service_github.svg
[debug] [2026-05-27T09:18:30.637Z] [unzip] Entry: client/assets/provider-icons/auth_service_mslive.svg (compressed_size=203 bytes, uncompressed_size=378 bytes)
[debug] [2026-05-27T09:18:30.638Z] [unzip] Processing entry: client/assets/provider-icons/auth_service_mslive.svg
[debug] [2026-05-27T09:18:30.638Z] [unzip] else mkdir: /home/asrofil/.cache/firebase/emulators/ui-v1.15.0/client/assets/provider-icons
[debug] [2026-05-27T09:18:30.638Z] [unzip] deflating: /home/asrofil/.cache/firebase/emulators/ui-v1.15.0/client/assets/provider-icons/auth_service_mslive.svg
[debug] [2026-05-27T09:18:30.639Z] [unzip] Entry: client/assets/provider-icons/auth_service_yahoo.svg (compressed_size=577 bytes, uncompressed_size=1182 bytes)
[debug] [2026-05-27T09:18:30.639Z] [unzip] Processing entry: client/assets/provider-icons/auth_service_yahoo.svg
[debug] [2026-05-27T09:18:30.639Z] [unzip] else mkdir: /home/asrofil/.cache/firebase/emulators/ui-v1.15.0/client/assets/provider-icons
[debug] [2026-05-27T09:18:30.639Z] [unzip] deflating: /home/asrofil/.cache/firebase/emulators/ui-v1.15.0/client/assets/provider-icons/auth_service_yahoo.svg
[debug] [2026-05-27T09:18:30.640Z] [unzip] Entry: client/assets/provider-icons/auth_service_twitter.svg (compressed_size=444 bytes, uncompressed_size=751 bytes)
[debug] [2026-05-27T09:18:30.640Z] [unzip] Processing entry: client/assets/provider-icons/auth_service_twitter.svg
[debug] [2026-05-27T09:18:30.640Z] [unzip] else mkdir: /home/asrofil/.cache/firebase/emulators/ui-v1.15.0/client/assets/provider-icons
[debug] [2026-05-27T09:18:30.640Z] [unzip] deflating: /home/asrofil/.cache/firebase/emulators/ui-v1.15.0/client/assets/provider-icons/auth_service_twitter.svg
[debug] [2026-05-27T09:18:30.640Z] [unzip] Entry: client/assets/provider-icons/auth_service_play_games.svg (compressed_size=565 bytes, uncompressed_size=1173 bytes)
[debug] [2026-05-27T09:18:30.640Z] [unzip] Processing entry: client/assets/provider-icons/auth_service_play_games.svg
[debug] [2026-05-27T09:18:30.641Z] [unzip] else mkdir: /home/asrofil/.cache/firebase/emulators/ui-v1.15.0/client/assets/provider-icons
[debug] [2026-05-27T09:18:30.641Z] [unzip] deflating: /home/asrofil/.cache/firebase/emulators/ui-v1.15.0/client/assets/provider-icons/auth_service_play_games.svg
[debug] [2026-05-27T09:18:30.641Z] [unzip] Entry: client/assets/provider-icons/auth_service_email.svg (compressed_size=228 bytes, uncompressed_size=326 bytes)
[debug] [2026-05-27T09:18:30.641Z] [unzip] Processing entry: client/assets/provider-icons/auth_service_email.svg
[debug] [2026-05-27T09:18:30.641Z] [unzip] else mkdir: /home/asrofil/.cache/firebase/emulators/ui-v1.15.0/client/assets/provider-icons
[debug] [2026-05-27T09:18:30.641Z] [unzip] deflating: /home/asrofil/.cache/firebase/emulators/ui-v1.15.0/client/assets/provider-icons/auth_service_email.svg
[debug] [2026-05-27T09:18:30.642Z] [unzip] Entry: client/assets/provider-icons/auth_service_google.svg (compressed_size=409 bytes, uncompressed_size=720 bytes)
[debug] [2026-05-27T09:18:30.643Z] [unzip] Processing entry: client/assets/provider-icons/auth_service_google.svg
[debug] [2026-05-27T09:18:30.643Z] [unzip] else mkdir: /home/asrofil/.cache/firebase/emulators/ui-v1.15.0/client/assets/provider-icons
[debug] [2026-05-27T09:18:30.643Z] [unzip] deflating: /home/asrofil/.cache/firebase/emulators/ui-v1.15.0/client/assets/provider-icons/auth_service_google.svg
[debug] [2026-05-27T09:18:30.643Z] [unzip] Entry: client/assets/provider-icons/auth_service_oidc.svg (compressed_size=414 bytes, uncompressed_size=858 bytes)
[debug] [2026-05-27T09:18:30.644Z] [unzip] Processing entry: client/assets/provider-icons/auth_service_oidc.svg
[debug] [2026-05-27T09:18:30.644Z] [unzip] else mkdir: /home/asrofil/.cache/firebase/emulators/ui-v1.15.0/client/assets/provider-icons
[debug] [2026-05-27T09:18:30.644Z] [unzip] deflating: /home/asrofil/.cache/firebase/emulators/ui-v1.15.0/client/assets/provider-icons/auth_service_oidc.svg
[debug] [2026-05-27T09:18:30.646Z] [unzip] Entry: client/browserconfig.xml (compressed_size=491 bytes, uncompressed_size=822 bytes)
[debug] [2026-05-27T09:18:30.646Z] [unzip] Processing entry: client/browserconfig.xml
[debug] [2026-05-27T09:18:30.646Z] [unzip] else mkdir: /home/asrofil/.cache/firebase/emulators/ui-v1.15.0/client
[debug] [2026-05-27T09:18:30.646Z] [unzip] deflating: /home/asrofil/.cache/firebase/emulators/ui-v1.15.0/client/browserconfig.xml
[debug] [2026-05-27T09:18:30.647Z] [unzip] Entry: client/favicon-32x32.png (compressed_size=475 bytes, uncompressed_size=475 bytes)
[debug] [2026-05-27T09:18:30.647Z] [unzip] Processing entry: client/favicon-32x32.png
[debug] [2026-05-27T09:18:30.647Z] [unzip] else mkdir: /home/asrofil/.cache/firebase/emulators/ui-v1.15.0/client
[debug] [2026-05-27T09:18:30.648Z] [unzip] Writing file: /home/asrofil/.cache/firebase/emulators/ui-v1.15.0/client/favicon-32x32.png
[debug] [2026-05-27T09:18:30.648Z] [unzip] Entry: server/ (compressed_size=0 bytes, uncompressed_size=0 bytes)
[debug] [2026-05-27T09:18:30.648Z] [unzip] Processing entry: server/
[debug] [2026-05-27T09:18:30.648Z] [unzip] mkdir: /home/asrofil/.cache/firebase/emulators/ui-v1.15.0/server/
[debug] [2026-05-27T09:18:30.648Z] [unzip] Entry: server/server.mjs.map (compressed_size=217845 bytes, uncompressed_size=944978 bytes)
[debug] [2026-05-27T09:18:30.648Z] [unzip] Processing entry: server/server.mjs.map
[debug] [2026-05-27T09:18:30.648Z] [unzip] else mkdir: /home/asrofil/.cache/firebase/emulators/ui-v1.15.0/server
[debug] [2026-05-27T09:18:30.648Z] [unzip] deflating: /home/asrofil/.cache/firebase/emulators/ui-v1.15.0/server/server.mjs.map
[debug] [2026-05-27T09:18:30.654Z] [unzip] Entry: server/server.mjs (compressed_size=276407 bytes, uncompressed_size=933701 bytes)
[debug] [2026-05-27T09:18:30.654Z] [unzip] Processing entry: server/server.mjs
[debug] [2026-05-27T09:18:30.654Z] [unzip] else mkdir: /home/asrofil/.cache/firebase/emulators/ui-v1.15.0/server
[debug] [2026-05-27T09:18:30.654Z] [unzip] deflating: /home/asrofil/.cache/firebase/emulators/ui-v1.15.0/server/server.mjs
[info] i  functions: Watching "/home/asrofil/Project/mealstogo/functions" for Cloud Functions... {"metadata":{"emulator":{"name":"functions"},"message":"Watching \"/home/asrofil/Project/mealstogo/functions\" for Cloud Functions..."}}
[debug] [2026-05-27T09:18:30.663Z] Validating nodejs source
[warn] ⚠  functions: package.json indicates an outdated version of firebase-functions. Please upgrade using npm install --save firebase-functions@latest in your functions directory. 
[warn] ⚠  functions: Please note that there will be breaking changes when you upgrade. 
[debug] [2026-05-27T09:18:31.366Z] > [functions] package.json contents: {
  "name": "mealstogo-functions",
  "private": true,
  "main": "lib/index.js",
  "engines": {
    "node": "20"
  },
  "scripts": {
    "build": "tsc",
    "serve": "npm run build && firebase emulators:start --only functions",
    "deploy": "firebase deploy --only functions"
  },
  "dependencies": {
    "@clerk/backend": "^1.21.0",
    "dotenv": "^16.4.7",
    "firebase-admin": "^13.0.0",
    "firebase-functions": "^6.3.0"
  },
  "devDependencies": {
    "typescript": "^5.7.0"
  }
}
[debug] [2026-05-27T09:18:31.367Z] Building nodejs source
[debug] [2026-05-27T09:18:31.367Z] Failed to find version of module node: reached end of search path /home/asrofil/Project/mealstogo/functions/node_modules
[warn] ⚠  functions: Your requested "node" version "20" doesn't match your global version "22". Using node@22 from host. 
[info] i  functions: Loaded environment variables from .env. 
[debug] [2026-05-27T09:18:31.373Z] Could not find functions.yaml. Must use http discovery
[debug] [2026-05-27T09:18:31.377Z] Found firebase-functions binary at '/home/asrofil/Project/mealstogo/functions/node_modules/.bin/firebase-functions'
[info] Serving at port 8894

[debug] [2026-05-27T09:18:31.787Z] Got response from /__/functions.yaml {"endpoints":{"createOrder":{"availableMemoryMb":null,"timeoutSeconds":null,"minInstances":null,"maxInstances":null,"ingressSettings":null,"concurrency":null,"serviceAccountEmail":null,"vpc":null,"platform":"gcfv2","labels":{},"callableTrigger":{},"entryPoint":"createOrder"},"createXenditPayment":{"availableMemoryMb":null,"timeoutSeconds":null,"minInstances":null,"maxInstances":null,"ingressSettings":null,"concurrency":null,"serviceAccountEmail":null,"vpc":null,"platform":"gcfv2","labels":{},"callableTrigger":{},"entryPoint":"createXenditPayment"},"xenditWebhook":{"availableMemoryMb":null,"timeoutSeconds":null,"minInstances":null,"maxInstances":null,"ingressSettings":null,"concurrency":null,"serviceAccountEmail":null,"vpc":null,"platform":"gcfv2","labels":{},"httpsTrigger":{},"entryPoint":"xenditWebhook"},"adminUpsertRestaurant":{"availableMemoryMb":null,"timeoutSeconds":null,"minInstances":null,"maxInstances":null,"ingressSettings":null,"concurrency":null,"serviceAccountEmail":null,"vpc":null,"platform":"gcfv2","labels":{},"callableTrigger":{},"entryPoint":"adminUpsertRestaurant"}},"specVersion":"v1alpha1","requiredAPIs":[],"extensions":{}}
[info] ✔  functions: Loaded functions definitions from source: createOrder, createXenditPayment, xenditWebhook, adminUpsertRestaurant. {"metadata":{"emulator":{"name":"functions"},"message":"Loaded functions definitions from source: createOrder, createXenditPayment, xenditWebhook, adminUpsertRestaurant."}}
[info] ✔  functions[us-central1-createOrder]: http function initialized (http://127.0.0.1:5001/mealstogo-d77b1/us-central1/createOrder). {"metadata":{"emulator":{"name":"functions"},"message":"http function initialized (http://127.0.0.1:5001/mealstogo-d77b1/us-central1/createOrder)."}}
[info] ✔  functions[us-central1-createXenditPayment]: http function initialized (http://127.0.0.1:5001/mealstogo-d77b1/us-central1/createXenditPayment). {"metadata":{"emulator":{"name":"functions"},"message":"http function initialized (http://127.0.0.1:5001/mealstogo-d77b1/us-central1/createXenditPayment)."}}
[info] ✔  functions[us-central1-xenditWebhook]: http function initialized (http://127.0.0.1:5001/mealstogo-d77b1/us-central1/xenditWebhook). {"metadata":{"emulator":{"name":"functions"},"message":"http function initialized (http://127.0.0.1:5001/mealstogo-d77b1/us-central1/xenditWebhook)."}}
[info] ✔  functions[us-central1-adminUpsertRestaurant]: http function initialized (http://127.0.0.1:5001/mealstogo-d77b1/us-central1/adminUpsertRestaurant). {"metadata":{"emulator":{"name":"functions"},"message":"http function initialized (http://127.0.0.1:5001/mealstogo-d77b1/us-central1/adminUpsertRestaurant)."}}
[debug] [2026-05-27T09:18:35.833Z] Could not find VSCode notification endpoint: FetchError: request to http://localhost:40001/vscode/notify failed, reason: connect ECONNREFUSED 127.0.0.1:40001. If you are not running the Firebase SQL Connect VSCode extension, this is expected and not an issue.
[info] 
┌─────────────────────────────────────────────────────────────┐
│ ✔  All emulators ready! It is now safe to connect your app. │
│ i  View Emulator UI at http://127.0.0.1:4000/               │
└─────────────────────────────────────────────────────────────┘

┌───────────┬────────────────┬─────────────────────────────────┐
│ Emulator  │ Host:Port      │ View in Emulator UI             │
├───────────┼────────────────┼─────────────────────────────────┤
│ Functions │ 127.0.0.1:5001 │ http://127.0.0.1:4000/functions │
└───────────┴────────────────┴─────────────────────────────────┘
  Emulator Hub host: 127.0.0.1 port: 4400
  Other reserved ports: 4500

Issues? Report them at https://github.com/firebase/firebase-tools/issues and attach the *-debug.log files.
 
[debug] [2026-05-27T09:20:29.647Z] File /home/asrofil/Project/mealstogo/functions/lib/index.js.map changed, reloading triggers {"metadata":{"emulator":{"name":"functions"},"message":"File /home/asrofil/Project/mealstogo/functions/lib/index.js.map changed, reloading triggers"}}
[debug] [2026-05-27T09:20:29.647Z] File /home/asrofil/Project/mealstogo/functions/lib/index.js changed, reloading triggers {"metadata":{"emulator":{"name":"functions"},"message":"File /home/asrofil/Project/mealstogo/functions/lib/index.js changed, reloading triggers"}}
[debug] [2026-05-27T09:20:30.648Z] Validating nodejs source
[warn] ⚠  functions: package.json indicates an outdated version of firebase-functions. Please upgrade using npm install --save firebase-functions@latest in your functions directory. 
[warn] ⚠  functions: Please note that there will be breaking changes when you upgrade. 
[debug] [2026-05-27T09:20:31.142Z] > [functions] package.json contents: {
  "name": "mealstogo-functions",
  "private": true,
  "main": "lib/index.js",
  "engines": {
    "node": "20"
  },
  "scripts": {
    "build": "tsc",
    "serve": "npm run build && firebase emulators:start --only functions",
    "deploy": "firebase deploy --only functions"
  },
  "dependencies": {
    "@clerk/backend": "^1.21.0",
    "dotenv": "^16.4.7",
    "firebase-admin": "^13.0.0",
    "firebase-functions": "^6.3.0"
  },
  "devDependencies": {
    "typescript": "^5.7.0"
  }
}
[debug] [2026-05-27T09:20:31.142Z] Building nodejs source
[debug] [2026-05-27T09:20:31.143Z] Failed to find version of module node: reached end of search path /home/asrofil/Project/mealstogo/functions/node_modules
[warn] ⚠  functions: Your requested "node" version "20" doesn't match your global version "22". Using node@22 from host. 
[info] i  functions: Loaded environment variables from .env. 
[debug] [2026-05-27T09:20:31.144Z] Could not find functions.yaml. Must use http discovery
[debug] [2026-05-27T09:20:31.146Z] Found firebase-functions binary at '/home/asrofil/Project/mealstogo/functions/node_modules/.bin/firebase-functions'
[info] Serving at port 8257

[debug] [2026-05-27T09:20:31.524Z] Got response from /__/functions.yaml {"endpoints":{"createOrder":{"availableMemoryMb":null,"timeoutSeconds":null,"minInstances":null,"maxInstances":null,"ingressSettings":null,"concurrency":null,"serviceAccountEmail":null,"vpc":null,"platform":"gcfv2","labels":{},"callableTrigger":{},"entryPoint":"createOrder"},"createXenditPayment":{"availableMemoryMb":null,"timeoutSeconds":null,"minInstances":null,"maxInstances":null,"ingressSettings":null,"concurrency":null,"serviceAccountEmail":null,"vpc":null,"platform":"gcfv2","labels":{},"callableTrigger":{},"entryPoint":"createXenditPayment"},"xenditWebhook":{"availableMemoryMb":null,"timeoutSeconds":null,"minInstances":null,"maxInstances":null,"ingressSettings":null,"concurrency":null,"serviceAccountEmail":null,"vpc":null,"platform":"gcfv2","labels":{},"httpsTrigger":{},"entryPoint":"xenditWebhook"},"adminUpsertRestaurant":{"availableMemoryMb":null,"timeoutSeconds":null,"minInstances":null,"maxInstances":null,"ingressSettings":null,"concurrency":null,"serviceAccountEmail":null,"vpc":null,"platform":"gcfv2","labels":{},"callableTrigger":{},"entryPoint":"adminUpsertRestaurant"}},"specVersion":"v1alpha1","requiredAPIs":[],"extensions":{}}
[info] ✔  functions: Loaded functions definitions from source: createOrder, createXenditPayment, xenditWebhook, adminUpsertRestaurant. {"metadata":{"emulator":{"name":"functions"},"message":"Loaded functions definitions from source: createOrder, createXenditPayment, xenditWebhook, adminUpsertRestaurant."}}
[debug] [2026-05-27T09:21:15.135Z] Functions emulator received unknown request at path /
[debug] [2026-05-27T09:21:15.415Z] Functions emulator received unknown request at path /favicon.ico
